{
    "-profile test": {
        "content": [
            9,
            null,
            [
                "arborator",
                "arborator/1_clusters.tsv",
                "arborator/1_loci.summary.tsv",
                "arborator/1_matrix.tsv",
                "arborator/1_metadata.tsv",
                "arborator/1_outliers.tsv",
                "arborator/1_profile.tsv",
                "arborator/1_tree.nwk",
                "arborator/2_clusters.tsv",
                "arborator/2_loci.summary.tsv",
                "arborator/2_matrix.tsv",
                "arborator/2_metadata.tsv",
                "arborator/2_outliers.tsv",
                "arborator/2_profile.tsv",
                "arborator/2_tree.nwk",
                "arborator/cluster_summary.tsv",
                "arborator/cluster_summary.xlsx",
                "arborator/metadata.excluded.tsv",
                "arborator/metadata.included.tsv",
                "arborator/metadata.linelist.xlsx",
                "arborator/threshold_map.json",
                "arborview",
                "arborview/1_arborview.html",
                "arborview/2_arborview.html",
                "build",
                "build/config.json",
                "locidex",
                "locidex/concat",
                "locidex/concat/MLST_error_report_concat.csv",
                "locidex/concat/profile_concat.tsv",
                "locidex/merged",
                "locidex/merged/MLST_error_report_1.csv",
                "locidex/merged/profile_1.tsv",
                "metadata",
                "metadata/aggregated_data.tsv",
                "pipeline_info",
                "pipeline_info/software_versions.yml",
                "write",
                "write/results.csv"
            ],
            [
                "1_clusters.tsv:md5,d0e181df4d84b0bc7f774d098004e429",
                "1_loci.summary.tsv:md5,72c06a0e534815e09cd8d8e39385a15b",
                "1_matrix.tsv:md5,450180a83f957d6660bdc4d4ca976097",
                "1_metadata.tsv:md5,b9a1b3fffa4c0d6fe16c8775cc6ebf43",
                "1_outliers.tsv:md5,c768621c9a61352f70fa9c26891e2c5a",
                "1_profile.tsv:md5,ab3e21271e0eec98d0aefb4d272a0c14",
                "1_tree.nwk:md5,b2a76e2a93f7b178e0a572150f4da849",
                "2_clusters.tsv:md5,055490c0e91d8eb50a2a367af92983dd",
                "2_loci.summary.tsv:md5,f32cc17221a4482255b492debb2f51c4",
                "2_matrix.tsv:md5,076f61db93ffdef096525a00a10133f0",
                "2_metadata.tsv:md5,52df37c5790eb73e854cad2a682ecfc8",
                "2_outliers.tsv:md5,c768621c9a61352f70fa9c26891e2c5a",
                "2_profile.tsv:md5,4af30a3585ea7b453f5ba976f2a89c85",
                "2_tree.nwk:md5,c43edf6012f8a5ef1b87d13540acbfd7",
                "cluster_summary.tsv:md5,d1517d89e0ca35e3c935de50d6dfcbd4",
                "cluster_summary.xlsx:md5,a45846ec4500d133ef9b97f812afbd26",
                "metadata.excluded.tsv:md5,9e6f99c7155f3c4a30b3b80235b6af52",
                "metadata.included.tsv:md5,b2c82577e00acfc41b7f6e7ebdc80e11",
                "metadata.linelist.xlsx:md5,65f4a4e9eb331e3c36c491b4a357f6c2",
                "threshold_map.json:md5,cc781d4410fdc58529d1aeb9513e132d",
                "1_arborview.html:md5,0ee41c190f7491c135ad72cdec0a874c",
                "2_arborview.html:md5,df91f2b4f075126c9f027d8faaa153a9",
                "config.json:md5,d7810954079f9f96c60466340a7c8f6c",
                "MLST_error_report_concat.csv:md5,f6689b46a8f71e85ee04acc80800ad84",
                "profile_concat.tsv:md5,1612b39148782f37b1e97d14ce72ac71",
                "MLST_error_report_1.csv:md5,f6689b46a8f71e85ee04acc80800ad84",
                "profile_1.tsv:md5,1612b39148782f37b1e97d14ce72ac71",
                "aggregated_data.tsv:md5,1c8602e7f3c69e54ac07f9d4008a20fe",
                "results.csv:md5,37930acecfc7ab97a314be0e859f6960"
            ]
        ],
        "meta": {
            "nf-test": "0.9.2",
            "nextflow": "24.10.6"
        },
        "timestamp": "2025-11-24T15:29:54.254548798"
    }
}