{
    "-profile test": {
        "content": [
            9,
            null,
            [
                [
                    [
                        "HEAD:md5,cf7dd3ce51958c5f13fece957cc417fb",
                        [
                            
                        ],
                        "config:md5,40f3e30607704b8ef3c6e9e01ef46ff2",
                        "description:md5,a0a7c3fff21f2aea3cfa1d0316dd816c",
                        [
                            "applypatch-msg.sample:md5,ce562e08d8098926a3862fc6e7905199",
                            "commit-msg.sample:md5,579a3c1e12a1e74a98169175fb913012",
                            "fsmonitor-watchman.sample:md5,a0b2633a2c8e97501610bd3f73da66fc",
                            "post-update.sample:md5,2b7ea5cee3c49ff53d41e00785eb974c",
                            "pre-applypatch.sample:md5,054f9ffb8bfe04a599751cc757226dda",
                            "pre-commit.sample:md5,305eadbbcd6f6d2567e033ad12aabbc4",
                            "pre-merge-commit.sample:md5,39cb268e2a85d436b9eb6f47614c3cbc",
                            "pre-push.sample:md5,2c642152299a94e05ea26eae11993b13",
                            "pre-rebase.sample:md5,56e45f2bcbc8226d2b4200f7c46371bf",
                            "pre-receive.sample:md5,2ad18ec82c20af7b5926ed9cea6aeedd",
                            "prepare-commit-msg.sample:md5,2b5c047bdb474555e1787db32b2d2fc5",
                            "push-to-checkout.sample:md5,c7ab00c7784efeadad3ae9b228d4b4db",
                            "sendemail-validate.sample:md5,4d67df3a8d5c98cb8565c07e42be0b04",
                            "update.sample:md5,647ae13c682f7827c22f5fc08a03674e"
                        ],
                        "index:md5,90338b54645619b040e1a5e6d52fe7e3",
                        [
                            "exclude:md5,036208b4a1ab4a235d75c181e685e5a3"
                        ],
                        [
                            "HEAD:md5,37b4d8a3064580212c97508a9ecca9dc",
                            [
                                [
                                    "main:md5,37b4d8a3064580212c97508a9ecca9dc"
                                ],
                                [
                                    [
                                        "HEAD:md5,37b4d8a3064580212c97508a9ecca9dc"
                                    ]
                                ]
                            ]
                        ],
                        [
                            [
                                
                            ],
                            [
                                "pack-6ccc848a8664e2c3da7b06b91c2fc86804bb85b9.idx:md5,afa1fac0114b196617eb44dc8be509f3",
                                "pack-6ccc848a8664e2c3da7b06b91c2fc86804bb85b9.pack:md5,e6c33da81425288d53b63c895e5249d4",
                                "pack-6ccc848a8664e2c3da7b06b91c2fc86804bb85b9.rev:md5,d75c15bc230fe60fb39e0b64635dfc9e"
                            ]
                        ],
                        "packed-refs:md5,6739fb792010d285500be1a61bd6f9d7",
                        [
                            [
                                "main:md5,7de9d835d2252b274e160c62dc2801a9"
                            ],
                            [
                                [
                                    "HEAD:md5,98b16e0b650190870f1b40bc8f4aec4e"
                                ]
                            ],
                            [
                                
                            ]
                        ]
                    ],
                    [
                        [
                            "ci.yml:md5,ab20cc13380d21436f48233a08db2add"
                        ]
                    ],
                    ".gitignore:md5,539d987e0070aebdef935a55b44910fa",
                    "ArboratorWorkflow.png:md5,50b7f59031921a56bc61b99f47dcb9e9",
                    "CHANGELOG.md:md5,b02facd94c49757c8f554ed48ed43b06",
                    "LICENSE:md5,175792518e4ac015ab6696d16c4f607e",
                    "MANIFEST.in:md5,d41d8cd98f00b204e9800998ecf8427e",
                    "README.md:md5,c2fbfd92cba5ee1c4602e2cd6171e8d8",
                    [
                        "__init__.py:md5,d41d8cd98f00b204e9800998ecf8427e",
                        [
                            "__init__.cpython-311.pyc:md5,3d25ac578b8c7604e6f9dba8e13d5c11",
                            "main.cpython-311.pyc:md5,4542249b239adddbc422d9d145db6d05",
                            "version.cpython-311.pyc:md5,eee6fd82cfd61d8b317095e6456230f1"
                        ],
                        [
                            "__init__.py:md5,d41d8cd98f00b204e9800998ecf8427e",
                            [
                                "__init__.cpython-311.pyc:md5,4c1f6bbcbf40451027f83859595b037f",
                                "aggregator.cpython-311.pyc:md5,5d59fc7ec407228755af5e963f81a03f",
                                "read_data.cpython-311.pyc:md5,f20e061c03cabff790356ca984b2dca9",
                                "report.cpython-311.pyc:md5,4f1e4a7d3f1b8bbdce7807472ce490f9",
                                "split_profiles.cpython-311.pyc:md5,164d5cacbd930fb3727495d89f5dad5c"
                            ],
                            "aggregator.py:md5,41a1e96c28d9acf72721c78513a07776",
                            "read_data.py:md5,ebe77640b982c93a0b7869e0c415fd67",
                            "report.py:md5,58ba4fea45815b5a96343983cf4d17c0",
                            "split_profiles.py:md5,4877a7b520e51c755362fa7eef4810a8"
                        ],
                        "constants.py:md5,8c17184159161756bdc0b6e16aab1882",
                        "main.py:md5,6fcbffe083bea8857d92be0337d93bfb",
                        "pnc.json:md5,19accadb6ef929790b5bdabba25198b3",
                        "version.py:md5,42bb7e6150a6cb7a3880957c1fc7b733"
                    ],
                    [
                        "PKG-INFO:md5,41ef5bf58cd9810e3002c9315fd23ab8",
                        "SOURCES.txt:md5,dd77d82ebfaac2339e4421abf3b34a3d",
                        "dependency_links.txt:md5,68b329da9893e34099c7d8ad5cb9c940",
                        "entry_points.txt:md5,824c8a56bebf6943d22ef98fe6198d6e",
                        "requires.txt:md5,33232cd9f72f30a9027252fd1ed7b455",
                        "top_level.txt:md5,fde112b68195bc9e250073f3bd7236da"
                    ],
                    "logo.png:md5,730567e707f986e702d37856b43c78e8",
                    "setup.py:md5,8e7bc6ff994e1bb1fb24b31d6fbdbd4d",
                    [
                        [
                            "config.json:md5,93e766aa7e98cd617ab8da1b61f0aaa4",
                            "config_alphanumeric_ids.json:md5,93e766aa7e98cd617ab8da1b61f0aaa4",
                            "config_bad_partition.json:md5,41c487fe26dc4c607db2875586620ba6",
                            "config_booleans_false.json:md5,8faacdd339f1bf28737dcefb505633b4",
                            "config_booleans_true.json:md5,de3d891d7b16cac1e7ee5917f07652f3",
                            "config_extra_linelist.json:md5,7291bf26cedca5a90d818ff3ad816e6d",
                            "config_id_column_missing.json:md5,c4882b7df413ea065576b3b2f50ec8a9",
                            "config_integer_ids.json:md5,93e766aa7e98cd617ab8da1b61f0aaa4",
                            "config_invalid_method.json:md5,407c52ce20339b300eac12494cf09446",
                            "config_min_members_1.json:md5,f123094ccb48113c615df8acfc0be1a7",
                            "config_min_members_2.json:md5,93e766aa7e98cd617ab8da1b61f0aaa4",
                            "config_min_members_3.json:md5,3fe5bef140ea568baea66fc06e4d87f8",
                            "config_min_members_6.json:md5,53a28b7c49dd18f865a25a1fb19fd199",
                            "config_min_members_NAN.json:md5,1f73cafee0c03760d9eaa6df38e81f19",
                            "config_missing_multiple_parameters.json:md5,5b47497cbc84e734f02341a646ade64d",
                            "config_no_global_parameters.json:md5,ce5f9ebb65f4ba69d5a2d22a1cfa3d32",
                            "config_no_grouped_metadata.json:md5,51c587e76fc1f8f509649e08eabd2d60",
                            "config_no_linelist.json:md5,f0dfb7744faa6e38245403a121470372",
                            "config_no_partition.json:md5,6080b86bf790bc53bc505038abb82a10",
                            "config_no_thresholds.json:md5,c4e3059b50586b287f64938b80b965a2",
                            "config_numeric_ids.json:md5,93e766aa7e98cd617ab8da1b61f0aaa4",
                            "config_only_report_not_boolean.json:md5,685796f5cce24322df449e7ca5de5791",
                            "config_outlier_threshold_NAN.json:md5,04c743b4e8d1999d908e9a226250e59d",
                            "config_replace_special.json:md5,b8ed8d6ec4c009cd16bae0bb8082b9d2",
                            "config_skip_qc_not_boolean.json:md5,0d9b4efb7e8f654e55ed06a304bf5c4b",
                            "config_specify_warning_parameters.json:md5,8a872099a81abc6bcd740b2e8ddbf673",
                            "config_summarize_categorical.json:md5,94e0ea1d090eb30d5e08905a76aae138",
                            "config_summarize_descriptive.json:md5,e62aecb26019c906104f07482208dbbb",
                            "config_summarize_min_max.json:md5,3be9a63caa4819ec96309d8f5745ba39",
                            "config_summarize_none.json:md5,aff86decc6f7a42f781039f1192027d0",
                            "config_thresholds_NAN.json:md5,5eb641315b57cac9ee66b7a34a051741",
                            "config_unrecognized_parameters.json:md5,2d0fd3c239d0b4b70d6ca9e9c5160c4c",
                            "metadata.tsv:md5,4e3d85c1c860b82662d2f5ba265cee1b",
                            "metadata_alphanumeric_ids.tsv:md5,3a9c6a7fe30b3f1c59478d5f41e6cf43",
                            "metadata_alphanumeric_ids_mixed.tsv:md5,6f27b2f29205fdfdd990e289c2073d7a",
                            "metadata_alphanumeric_ids_one_missing.tsv:md5,c1ef49d6e316495b6b3bdc552017e82b",
                            "metadata_duplicated.tsv:md5,9033be3dd35745c39644f5bbaff73869",
                            "metadata_integer_ids.tsv:md5,97ecffe1a2ce5f03b544f603bcdf5889",
                            "metadata_integer_ids_missing_one.tsv:md5,05ec38d2507a551a43a676c813572563",
                            "metadata_no_rows.tsv:md5,91a2e1feea406bd881f468328a5fdf48",
                            "metadata_numeric_ids.tsv:md5,5995833af3a61f1e4d603aaefde8df99",
                            "metadata_numeric_ids_one_missing.tsv:md5,d43e6931369b104e7d520ac42ed6052a",
                            "metadata_one_cluster.tsv:md5,0f48c17c3c2c5b807f6dee11233a6ad5",
                            "metadata_one_row.tsv:md5,22164fb8679a3121b5b89c36960c94a1",
                            "metadata_replace_special.tsv:md5,183b25453752861584d5d015848737b1",
                            "metadata_summarize_categorical.tsv:md5,ca624c344047e352e907b8f5a349bcb9",
                            "metadata_summarize_descriptive.tsv:md5,96dcf8a970ddafe4efdf09e482d790c2",
                            "metadata_summarize_min_max.tsv:md5,96dcf8a970ddafe4efdf09e482d790c2",
                            "metadata_summarize_none.tsv:md5,a6640bbecabfa11482a4d20ea9d46853",
                            "metadata_unique_loci.tsv:md5,e4245cd00b205790548f9ce550035802",
                            "profile.tsv:md5,1a11937c320d73ada97c9f5308d35da5",
                            "profile_alphanumeric_ids.tsv:md5,6aef512ee05b5e9a2717257e907a95f5",
                            "profile_alphanumeric_ids_mixed.tsv:md5,61f0940610c662fd006d42b7891adb0d",
                            "profile_duplicated.tsv:md5,cff2cfc8d600efeb5dd09779ec17aea8",
                            "profile_integer_ids.tsv:md5,d4130517820049d0b692a8d0e34fc9ea",
                            "profile_numeric_ids.tsv:md5,6eef0d01955ddc2a7c8a97e242c77576",
                            "profile_one_cluster.tsv:md5,75b91f824151c134221f157a02051f10",
                            "profile_unique_loci.tsv:md5,3b8fce2ee7b52e3a00218c1370bb8334"
                        ],
                        "test-workflows.yml:md5,194649d4f6f7d701a398474dfc594e5e"
                    ]
                ],
                "arborator/1_clusters.tsv",
                "arborator/1_loci.summary.tsv",
                "arborator/1_matrix.tsv",
                "arborator/1_metadata.tsv",
                "arborator/1_outliers.tsv",
                "arborator/1_profile.tsv",
                "arborator/1_tree.nwk",
                "arborator/2_clusters.tsv",
                "arborator/2_loci.summary.tsv",
                "arborator/2_matrix.tsv",
                "arborator/2_metadata.tsv",
                "arborator/2_outliers.tsv",
                "arborator/2_profile.tsv",
                "arborator/2_tree.nwk",
                "arborator/cluster_summary.tsv",
                "arborator/cluster_summary.xlsx",
                "arborator/metadata.excluded.tsv",
                "arborator/metadata.included.tsv",
                "arborator/metadata.linelist.xlsx",
                "arborator/threshold_map.json",
                "arborview",
                "arborview/1_arborview.html",
                "arborview/2_arborview.html",
                "build",
                "build/config.json",
                "locidex",
                "locidex/concat",
                "locidex/concat/MLST_error_report_concat.csv",
                "locidex/concat/profile_concat.tsv",
                "locidex/merged",
                "locidex/merged/MLST_error_report_1.csv",
                "locidex/merged/profile_1.tsv",
                "metadata",
                "metadata/aggregated_data.tsv",
                "pipeline_info",
                "pipeline_info/software_versions.yml",
                "write",
                "write/results.csv"
            ],
            [
                "1_clusters.tsv:md5,d0e181df4d84b0bc7f774d098004e429",
                "1_loci.summary.tsv:md5,72c06a0e534815e09cd8d8e39385a15b",
                "1_matrix.tsv:md5,450180a83f957d6660bdc4d4ca976097",
                "1_metadata.tsv:md5,b9a1b3fffa4c0d6fe16c8775cc6ebf43",
                "1_outliers.tsv:md5,c768621c9a61352f70fa9c26891e2c5a",
                "1_profile.tsv:md5,ab3e21271e0eec98d0aefb4d272a0c14",
                "1_tree.nwk:md5,b2a76e2a93f7b178e0a572150f4da849",
                "2_clusters.tsv:md5,055490c0e91d8eb50a2a367af92983dd",
                "2_loci.summary.tsv:md5,f32cc17221a4482255b492debb2f51c4",
                "2_matrix.tsv:md5,076f61db93ffdef096525a00a10133f0",
                "2_metadata.tsv:md5,52df37c5790eb73e854cad2a682ecfc8",
                "2_outliers.tsv:md5,c768621c9a61352f70fa9c26891e2c5a",
                "2_profile.tsv:md5,4af30a3585ea7b453f5ba976f2a89c85",
                "2_tree.nwk:md5,c43edf6012f8a5ef1b87d13540acbfd7",
                "cluster_summary.tsv:md5,d1517d89e0ca35e3c935de50d6dfcbd4",
                "metadata.excluded.tsv:md5,9e6f99c7155f3c4a30b3b80235b6af52",
                "metadata.included.tsv:md5,b2c82577e00acfc41b7f6e7ebdc80e11",
                "threshold_map.json:md5,cc781d4410fdc58529d1aeb9513e132d",
                "1_arborview.html:md5,fd243879cde49194369e16089f43a16c",
                "2_arborview.html:md5,d83e0f88f517774560c731c5914aac31",
                "config.json:md5,0cf9f6e005e1ca37507053bb29f86e83",
                "MLST_error_report_concat.csv:md5,f6689b46a8f71e85ee04acc80800ad84",
                "profile_concat.tsv:md5,1612b39148782f37b1e97d14ce72ac71",
                "MLST_error_report_1.csv:md5,f6689b46a8f71e85ee04acc80800ad84",
                "profile_1.tsv:md5,1612b39148782f37b1e97d14ce72ac71",
                "aggregated_data.tsv:md5,1c8602e7f3c69e54ac07f9d4008a20fe",
                "results.csv:md5,37930acecfc7ab97a314be0e859f6960"
            ]
        ],
        "meta": {
            "nf-test": "0.9.3",
            "nextflow": "25.10.0"
        },
        "timestamp": "2026-02-27T11:26:59.403291081"
    }
}